Microchip MPLAB XC8 Compiler V1.33 ()

Linker command line:

--edf=C:\Program Files (x86)\Microchip\xc8\v1.33\dat\en_msgs.txt -cs \
  -h+Supervisorio.sym --cmf=Supervisorio.cmf -z -Q16F877A \
  -oC:\Users\Dracarys\AppData\Local\Temp\s88c.6 -MSupervisorio.map -E1 \
  -ver=XC8 -ASTACK=0110h-016fh -pstack=STACK -ACONST=00h-0FFhx32 \
  -ACODE=00h-07FFhx4 -ASTRCODE=00h-01FFFh -AENTRY=00h-0FFhx32 \
  -ASTRING=00h-0FFhx32 -ACOMMON=070h-07Fh -ABANK0=020h-06Fh \
  -ABANK1=0A0h-0EFh -ABANK2=0110h-016Fh -ABANK3=0190h-01EFh \
  -ARAM=020h-06Fh,0A0h-0EFh,0110h-016Fh,0190h-01EFh \
  -AABS1=020h-07Fh,0A0h-0EFh,0110h-016Fh,0190h-01EFh -ASFR0=00h-01Fh \
  -ASFR1=080h-09Fh -ASFR2=0100h-010Fh -ASFR3=0180h-018Fh \
  -preset_vec=00h,intentry=04h,init,end_init -ppowerup=CODE -pcinit=CODE \
  -pfunctab=CODE -ACONFIG=02007h-02007h -pconfig=CONFIG -DCONFIG=2 \
  -AIDLOC=02000h-02003h -pidloc=IDLOC -DIDLOC=2 -AEEDATA=00h-0FFh/02100h \
  -peeprom_data=EEDATA -DEEDATA=2 -DCODE=2 -DSTRCODE=2 -DSTRING=2 -DCONST=2 \
  -DENTRY=2 -k startup.obj Supervisorio.obj 

Object code version is 3.11

Machine type is 16F877A



                Name                               Link     Load   Length Selector   Space Scale
startup.obj     end_init                             12       12        3        8       0
                reset_vec                             0        0        3        0       0
                config                             2007     2007        1     400E       0
Supervisorio.obj
                cinit                                15       15       13        8       0
                intentry                              4        4        E        8       0
                text9                               264      264       18      45C       0
                text8                               2A6      2A6        8      45C       0
                text7                               22E      22E       1C      45C       0
                text6                               24A      24A       1A      45C       0
                text5                                28       28       91        8       0
                text4                               27C      27C       12      45C       0
                text3                               28E      28E       10      45C       0
                text2                                B9       B9       8F        8       0
                text1                               195      195       4A        8       0
                maintext                            148      148       4D        8       0
                cstackBANK0                          20       20       1C       20       1
                cstackCOMMON                         70       70        C       70       1
                clrtext                             29E      29E        8      45C       0
                dataBANK0                            54       54        1       20       1
                bssBANK0                             3C       3C       18       20       1
                bssCOMMON                            7C       7C        2       70       1
                strings                             200      200       2E      400       0
                idataBANK0                          2AE      2AE        1      45C       0

TOTAL           Name                               Link     Load   Length     Space
        CLASS   STACK          

        CLASS   CONST          

        CLASS   CODE           
                end_init                             12       12        3         0
                cinit                                15       15       13         0
                intentry                              4        4        E         0
                reset_vec                             0        0        3         0
                text9                               264      264       18         0
                text8                               2A6      2A6        8         0
                text7                               22E      22E       1C         0
                text6                               24A      24A       1A         0
                text5                                28       28       91         0
                text4                               27C      27C       12         0
                text3                               28E      28E       10         0
                text2                                B9       B9       8F         0
                text1                               195      195       4A         0
                maintext                            148      148       4D         0
                clrtext                             29E      29E        8         0
                idataBANK0                          2AE      2AE        1         0

        CLASS   STRCODE        

        CLASS   ENTRY          

        CLASS   STRING         
                strings                             200      200       2E         0

        CLASS   COMMON         
                cstackCOMMON                         70       70        C         1
                bssCOMMON                            7C       7C        2         1

        CLASS   BANK0          
                cstackBANK0                          20       20       1C         1
                dataBANK0                            54       54        1         1
                bssBANK0                             3C       3C       18         1

        CLASS   BANK1          

        CLASS   BANK2          

        CLASS   BANK3          

        CLASS   RAM            

        CLASS   ABS1           
                abs_s1                               7E       7E        2         1

        CLASS   SFR0           

        CLASS   SFR1           

        CLASS   SFR2           

        CLASS   SFR3           

        CLASS   CONFIG         
                config                             2007     2007        1         0

        CLASS   IDLOC          

        CLASS   EEDATA         



SEGMENTS        Name                           Load    Length   Top    Selector   Space  Class     Delta

                reset_vec                      000000  000003  000003         0       0  CODE        2
                intentry                       000004  0001DB  0001DF         8       0  CODE        2
                cstackBANK0                    000020  000035  000055        20       1  BANK0       1
                cstackCOMMON                   000070  00000E  00007E        70       1  COMMON      1
                strings                        000200  00002E  00022E       400       0  STRING      2
                text7                          00022E  000081  0002AF       45C       0  CODE        2
                config                         002007  000001  002008      400E       0  CONFIG      2


UNUSED ADDRESS RANGES

        Name                Unused          Largest block    Delta
        BANK0            0055-006F             1B           1
        BANK1            00A0-00EF             50           1
        BANK2            0110-016F             60           1
        BANK3            0190-01EF             60           1
        CODE             0003-0003              1           2
                         01DF-01FF             21
                         02AF-1FFF            800
        CONST            0003-0003              1           2
                         01DF-01FF             21
                         02AF-1FFF            100
        EEDATA           2100-21FF            100           2
        ENTRY            0003-0003              1           2
                         01DF-01FF             21
                         02AF-1FFF            100
        IDLOC            2000-2003              4           2
        RAM              0055-006F             1B           1
                         00A0-00EF             50
                         0110-016F             60
                         0190-01EF             60
        SFR0             0000-001F             20           1
        SFR1             0080-009F             20           1
        SFR2             0100-010F             10           1
        SFR3             0180-018F             10           1
        STACK            0110-016F             60           1
        STRCODE          0003-0003              1           2
                         01DF-01FF             21
                         02AF-1FFF           1D51
        STRING           0003-0003              1           2
                         01DF-01FF             21
                         02AF-1FFF            100

                                  Symbol Table

?___aldiv                    cstackBANK0  0020
ADC_Read@channel             cstackCOMMON 0070
ISR@checksum                 cstackCOMMON 007A
ISR@index                    cstackCOMMON 007B
USART_Init@BR                cstackBANK0  0038
USART_Init@BaudRate          cstackBANK0  002F
USART_ReceiveChar@USART_Data cstackCOMMON 0074
USART_WriteChar@USARTData    cstackCOMMON 0070
USART_WriteString@str        cstackCOMMON 0072
_ADCON0bits                  (abs)        001F
_ADCON1bits                  (abs)        009F
_ADCResult                   bssBANK0     0049
_ADC_Buffer                  bssBANK0     0042
_ADC_Init                    text4        027C
_ADC_Read                    text9        0264
_ADRESH                      (abs)        001E
_ADRESL                      (abs)        009E
_Display                     bssBANK0     0053
_HIGH                        bssCOMMON    007C
_INTCONbits                  (abs)        000B
_ISR                         text5        0028
_LOW                         bssCOMMON    007D
_OERR                        (abs)        00C1
_PIE1bits                    (abs)        008C
_PIR1bits                    (abs)        000C
_PORTA                       (abs)        0005
_PORTB                       (abs)        0006
_PORTBbits                   (abs)        0006
_PORTC                       (abs)        0007
_PORTD                       (abs)        0008
_PORTE                       (abs)        0009
_RCREG                       (abs)        001A
_RCSTAbits                   (abs)        0018
_SPBRG                       (abs)        0099
_T1CONbits                   (abs)        0010
_TIMER1_Init                 text3        028E
_TMR1                        (abs)        000E
_TRISA                       (abs)        0085
_TRISB                       (abs)        0086
_TRISC                       (abs)        0087
_TRISD                       (abs)        0088
_TRISE                       (abs)        0089
_TXREG                       (abs)        0019
_TXSTAbits                   (abs)        0098
_USART_Init                  text1        0195
_USART_ReceiveChar           text6        024A
_USART_WriteChar             text8        02A6
_USART_WriteString           text7        022E
__CFG_BOREN$OFF              (abs)        0000
__CFG_CP$OFF                 (abs)        0000
__CFG_CPD$OFF                (abs)        0000
__CFG_FOSC$HS                (abs)        0000
__CFG_LVP$OFF                (abs)        0000
__CFG_PWRTE$ON               (abs)        0000
__CFG_WDTE$OFF               (abs)        0000
__Habs1                      abs1         0000
__Hbank0                     bank0        0000
__Hbank1                     bank1        0000
__Hbank2                     bank2        0000
__Hbank3                     bank3        0000
__HbssBANK0                  bssBANK0     0000
__HbssCOMMON                 bssCOMMON    0000
__Hcinit                     cinit        0028
__Hclrtext                   clrtext      0000
__Hcode                      code         0000
__Hcommon                    common       0000
__Hconfig                    config       2008
__HcstackBANK0               cstackBANK0  0000
__HcstackCOMMON              cstackCOMMON 0000
__HdataBANK0                 dataBANK0    0000
__Heeprom_data               eeprom_data  0000
__Hend_init                  end_init     0015
__Hfunctab                   functab      0000
__HidataBANK0                idataBANK0   0000
__Hidloc                     idloc        0000
__Hinit                      init         0012
__Hintentry                  intentry     0012
__Hmaintext                  maintext     0000
__Hpowerup                   powerup      0000
__Hram                       ram          0000
__Hreset_vec                 reset_vec    0003
__Hsfr0                      sfr0         0000
__Hsfr1                      sfr1         0000
__Hsfr2                      sfr2         0000
__Hsfr3                      sfr3         0000
__Hspace_0                   (abs)        2008
__Hspace_1                   (abs)        007E
__Hspace_2                   (abs)        0000
__Hspace_3                   (abs)        0000
__Hstack                     stack        0000
__Hstrings                   strings      0000
__Htext                      text         0000
__Labs1                      abs1         0000
__Lbank0                     bank0        0000
__Lbank1                     bank1        0000
__Lbank2                     bank2        0000
__Lbank3                     bank3        0000
__LbssBANK0                  bssBANK0     0000
__LbssCOMMON                 bssCOMMON    0000
__Lcinit                     cinit        0015
__Lclrtext                   clrtext      0000
__Lcode                      code         0000
__Lcommon                    common       0000
__Lconfig                    config       2007
__LcstackBANK0               cstackBANK0  0000
__LcstackCOMMON              cstackCOMMON 0000
__LdataBANK0                 dataBANK0    0000
__Leeprom_data               eeprom_data  0000
__Lend_init                  end_init     0012
__Lfunctab                   functab      0000
__LidataBANK0                idataBANK0   0000
__Lidloc                     idloc        0000
__Linit                      init         0012
__Lintentry                  intentry     0004
__Lmaintext                  maintext     0000
__Lpowerup                   powerup      0000
__Lram                       ram          0000
__Lreset_vec                 reset_vec    0000
__Lsfr0                      sfr0         0000
__Lsfr1                      sfr1         0000
__Lsfr2                      sfr2         0000
__Lsfr3                      sfr3         0000
__Lspace_0                   (abs)        0000
__Lspace_1                   (abs)        0000
__Lspace_2                   (abs)        0000
__Lspace_3                   (abs)        0000
__Lstack                     stack        0000
__Lstrings                   strings      0000
__Ltext                      text         0000
__S0                         (abs)        2008
__S1                         (abs)        007E
__S2                         (abs)        0000
__S3                         (abs)        0000
___aldiv                     text2        00B9
___aldiv@counter             cstackBANK0  0029
___aldiv@dividend            cstackBANK0  0024
___aldiv@divisor             cstackBANK0  0020
___aldiv@quotient            cstackBANK0  002B
___aldiv@sign                cstackBANK0  002A
___int_sp                    stack        0000
___latbits                   (abs)        0002
___sp                        stack        0000
__end_of_ADC_Init            text4        028E
__end_of_ADC_Read            text9        027C
__end_of_ISR                 text5        00B9
__end_of_TIMER1_Init         text3        029E
__end_of_USART_Init          text1        01DF
__end_of_USART_ReceiveChar   text6        0264
__end_of_USART_WriteChar     text8        02AE
__end_of_USART_WriteString   text7        024A
__end_of___aldiv             text2        0148
__end_of__initialization     cinit        0024
__end_of__stringdata         strings      022E
__end_of__stringtab          strings      0206
__end_of_main                maintext     0195
__initialization             cinit        0015
__pbssBANK0                  bssBANK0     003C
__pbssCOMMON                 bssCOMMON    007C
__pcstackBANK0               cstackBANK0  0020
__pcstackCOMMON              cstackCOMMON 0070
__pdataBANK0                 dataBANK0    0054
__pidataBANK0                idataBANK0   02AE
__pintentry                  intentry     0004
__pmaintext                  maintext     0148
__pstrings                   strings      0200
__ptext1                     text1        0195
__ptext2                     text2        00B9
__ptext3                     text3        028E
__ptext4                     text4        027C
__ptext5                     text5        0028
__ptext6                     text6        024A
__ptext7                     text7        022E
__ptext8                     text8        02A6
__ptext9                     text9        0264
__size_of_ADC_Init           (abs)        0000
__size_of_ADC_Read           (abs)        0000
__size_of_ISR                (abs)        0000
__size_of_TIMER1_Init        (abs)        0000
__size_of_USART_Init         (abs)        0000
__size_of_USART_ReceiveChar  (abs)        0000
__size_of_USART_WriteChar    (abs)        0000
__size_of_USART_WriteString  (abs)        0000
__size_of___aldiv            (abs)        0000
__size_of_main               (abs)        0000
__stringbase                 strings      0205
__stringdata                 strings      0206
__stringtab                  strings      0200
_ativa                       bssBANK0     004B
_buffer                      bssBANK0     003C
_cont1                       bssBANK0     004D
_input                       bssBANK0     0046
_main                        maintext     0148
_resp                        dataBANK0    0054
_sec                         bssBANK0     004F
_status                      bssBANK0     0051
btemp                        (abs)        007E
clear_ram0                   clrtext      029E
end_of_initialization        cinit        0024
interrupt_function           intentry     0004
intlevel0                    functab      0000
intlevel1                    functab      0000
intlevel2                    functab      0000
intlevel3                    functab      0000
intlevel4                    functab      0000
intlevel5                    functab      0000
ltemp                        (abs)        007E
ltemp0                       (abs)        007E
ltemp1                       (abs)        0082
ltemp2                       (abs)        0086
ltemp3                       (abs)        0080
reset_vec                    reset_vec    0000
saved_w                      (abs)        007E
stackhi                      (abs)        0000
stacklo                      (abs)        0000
start                        init         0012
start_initialization         cinit        0015
ttemp                        (abs)        007E
ttemp0                       (abs)        007E
ttemp1                       (abs)        0081
ttemp2                       (abs)        0084
ttemp3                       (abs)        0087
ttemp4                       (abs)        007F
wtemp                        (abs)        007E
wtemp0                       (abs)        007E
wtemp1                       (abs)        0080
wtemp2                       (abs)        0082
wtemp3                       (abs)        0084
wtemp4                       (abs)        0086
wtemp5                       (abs)        0088
wtemp6                       (abs)        007F


FUNCTION INFORMATION:

 *************** function _main *****************
 Defined at:
		line 224 in file "C:\Users\Dracarys\Documents\GitHub\SistemaEmbarcado_projeto_final\SistemasEmbarcados\Firmware no PIC16F877A\Supervisorio.c"
 Parameters:    Size  Location     Type
		None
 Auto vars:     Size  Location     Type
		None
 Return value:  Size  Location     Type
		None               void
 Registers used:
		wreg, status,2, status,0, pclath, cstack
 Tracked objects:
		On entry : 
		On exit  : 
		Unchanged: 
 Data sizes:     COMMON   BANK0   BANK1   BANK3   BANK2
      Params:         0       0       0       0       0
      Locals:         0       0       0       0       0
      Temps:          0       3       0       0       0
      Totals:         0       3       0       0       0
Total ram usage:        3 bytes
 Hardware stack levels required when called:    6
 This function calls:
		_ADC_Init
		_TIMER1_Init
		_USART_Init
 This function is called by:
		Startup code after reset
 This function uses a non-reentrant model


 *************** function _USART_Init *****************
 Defined at:
		line 34 in file "C:\Users\Dracarys\Documents\GitHub\SistemaEmbarcado_projeto_final\SistemasEmbarcados\Firmware no PIC16F877A\Supervisorio.c"
 Parameters:    Size  Location     Type
  BaudRate        4   15[BANK0 ] long 
 Auto vars:     Size  Location     Type
  BR              1   24[BANK0 ] unsigned char 
 Return value:  Size  Location     Type
		None               void
 Registers used:
		wreg, status,2, status,0, pclath, cstack
 Tracked objects:
		On entry : 
		On exit  : 
		Unchanged: 
 Data sizes:     COMMON   BANK0   BANK1   BANK3   BANK2
      Params:         0       4       0       0       0
      Locals:         0       1       0       0       0
      Temps:          0       5       0       0       0
      Totals:         0      10       0       0       0
Total ram usage:       10 bytes
 Hardware stack levels used:    1
 Hardware stack levels required when called:    5
 This function calls:
		___aldiv
 This function is called by:
		_main
 This function uses a non-reentrant model


 *************** function ___aldiv *****************
 Defined at:
		line 6 in file "C:\Program Files (x86)\Microchip\xc8\v1.33\sources\common\aldiv.c"
 Parameters:    Size  Location     Type
  divisor         4    0[BANK0 ] long 
  dividend        4    4[BANK0 ] long 
 Auto vars:     Size  Location     Type
  quotient        4   11[BANK0 ] long 
  sign            1   10[BANK0 ] unsigned char 
  counter         1    9[BANK0 ] unsigned char 
 Return value:  Size  Location     Type
                  4    0[BANK0 ] long 
 Registers used:
		wreg, status,2, status,0
 Tracked objects:
		On entry : 
		On exit  : 
		Unchanged: 
 Data sizes:     COMMON   BANK0   BANK1   BANK3   BANK2
      Params:         0       8       0       0       0
      Locals:         0       6       0       0       0
      Temps:          0       1       0       0       0
      Totals:         0      15       0       0       0
Total ram usage:       15 bytes
 Hardware stack levels used:    1
 Hardware stack levels required when called:    4
 This function calls:
		Nothing
 This function is called by:
		_USART_Init
 This function uses a non-reentrant model


 *************** function _TIMER1_Init *****************
 Defined at:
		line 147 in file "C:\Users\Dracarys\Documents\GitHub\SistemaEmbarcado_projeto_final\SistemasEmbarcados\Firmware no PIC16F877A\Supervisorio.c"
 Parameters:    Size  Location     Type
		None
 Auto vars:     Size  Location     Type
		None
 Return value:  Size  Location     Type
		None               void
 Registers used:
		None
 Tracked objects:
		On entry : 
		On exit  : 
		Unchanged: 
 Data sizes:     COMMON   BANK0   BANK1   BANK3   BANK2
      Params:         0       0       0       0       0
      Locals:         0       0       0       0       0
      Temps:          0       0       0       0       0
      Totals:         0       0       0       0       0
Total ram usage:        0 bytes
 Hardware stack levels used:    1
 Hardware stack levels required when called:    4
 This function calls:
		Nothing
 This function is called by:
		_main
 This function uses a non-reentrant model


 *************** function _ADC_Init *****************
 Defined at:
		line 114 in file "C:\Users\Dracarys\Documents\GitHub\SistemaEmbarcado_projeto_final\SistemasEmbarcados\Firmware no PIC16F877A\Supervisorio.c"
 Parameters:    Size  Location     Type
		None
 Auto vars:     Size  Location     Type
		None
 Return value:  Size  Location     Type
		None               void
 Registers used:
		None
 Tracked objects:
		On entry : 
		On exit  : 
		Unchanged: 
 Data sizes:     COMMON   BANK0   BANK1   BANK3   BANK2
      Params:         0       0       0       0       0
      Locals:         0       0       0       0       0
      Temps:          0       0       0       0       0
      Totals:         0       0       0       0       0
Total ram usage:        0 bytes
 Hardware stack levels used:    1
 Hardware stack levels required when called:    4
 This function calls:
		Nothing
 This function is called by:
		_main
 This function uses a non-reentrant model


 *************** function _ISR *****************
 Defined at:
		line 163 in file "C:\Users\Dracarys\Documents\GitHub\SistemaEmbarcado_projeto_final\SistemasEmbarcados\Firmware no PIC16F877A\Supervisorio.c"
 Parameters:    Size  Location     Type
		None
 Auto vars:     Size  Location     Type
  index           1   11[COMMON] unsigned char 
  checksum        1   10[COMMON] unsigned char 
 Return value:  Size  Location     Type
		None               void
 Registers used:
		wreg, fsr0l, fsr0h, status,2, status,0, pclath, cstack
 Tracked objects:
		On entry : 
		On exit  : 
		Unchanged: 
 Data sizes:     COMMON   BANK0   BANK1   BANK3   BANK2
      Params:         0       0       0       0       0
      Locals:         2       0       0       0       0
      Temps:          5       0       0       0       0
      Totals:         7       0       0       0       0
Total ram usage:        7 bytes
 Hardware stack levels used:    1
 Hardware stack levels required when called:    3
 This function calls:
		_ADC_Read
		_USART_ReceiveChar
		_USART_WriteChar
 This function is called by:
		Interrupt level 1
 This function uses a non-reentrant model


 *************** function _USART_ReceiveChar *****************
 Defined at:
		line 90 in file "C:\Users\Dracarys\Documents\GitHub\SistemaEmbarcado_projeto_final\SistemasEmbarcados\Firmware no PIC16F877A\Supervisorio.c"
 Parameters:    Size  Location     Type
		None
 Auto vars:     Size  Location     Type
  USART_Data      1    4[COMMON] unsigned char 
 Return value:  Size  Location     Type
                  1    wreg      unsigned char 
 Registers used:
		wreg, fsr0l, fsr0h, status,2, status,0, pclath, cstack
 Tracked objects:
		On entry : 
		On exit  : 
		Unchanged: 
 Data sizes:     COMMON   BANK0   BANK1   BANK3   BANK2
      Params:         0       0       0       0       0
      Locals:         1       0       0       0       0
      Temps:          1       0       0       0       0
      Totals:         2       0       0       0       0
Total ram usage:        2 bytes
 Hardware stack levels used:    1
 Hardware stack levels required when called:    2
 This function calls:
		_USART_WriteString
 This function is called by:
		_ISR
 This function uses a non-reentrant model


 *************** function _USART_WriteString *****************
 Defined at:
		line 78 in file "C:\Users\Dracarys\Documents\GitHub\SistemaEmbarcado_projeto_final\SistemasEmbarcados\Firmware no PIC16F877A\Supervisorio.c"
 Parameters:    Size  Location     Type
  str             1    wreg     PTR const unsigned char 
		 -> STR_1(40), 
 Auto vars:     Size  Location     Type
  str             1    2[COMMON] PTR const unsigned char 
		 -> STR_1(40), 
 Return value:  Size  Location     Type
		None               void
 Registers used:
		wreg, fsr0l, fsr0h, status,2, status,0, pclath, cstack
 Tracked objects:
		On entry : 
		On exit  : 
		Unchanged: 
 Data sizes:     COMMON   BANK0   BANK1   BANK3   BANK2
      Params:         0       0       0       0       0
      Locals:         1       0       0       0       0
      Temps:          1       0       0       0       0
      Totals:         2       0       0       0       0
Total ram usage:        2 bytes
 Hardware stack levels used:    1
 Hardware stack levels required when called:    1
 This function calls:
		_USART_WriteChar
 This function is called by:
		_USART_ReceiveChar
 This function uses a non-reentrant model


 *************** function _USART_WriteChar *****************
 Defined at:
		line 71 in file "C:\Users\Dracarys\Documents\GitHub\SistemaEmbarcado_projeto_final\SistemasEmbarcados\Firmware no PIC16F877A\Supervisorio.c"
 Parameters:    Size  Location     Type
  USARTData       1    wreg     unsigned char 
 Auto vars:     Size  Location     Type
  USARTData       1    0[COMMON] unsigned char 
 Return value:  Size  Location     Type
		None               void
 Registers used:
		wreg
 Tracked objects:
		On entry : 
		On exit  : 
		Unchanged: 
 Data sizes:     COMMON   BANK0   BANK1   BANK3   BANK2
      Params:         0       0       0       0       0
      Locals:         1       0       0       0       0
      Temps:          0       0       0       0       0
      Totals:         1       0       0       0       0
Total ram usage:        1 bytes
 Hardware stack levels used:    1
 This function calls:
		Nothing
 This function is called by:
		_USART_WriteString
		_ISR
 This function uses a non-reentrant model


 *************** function _ADC_Read *****************
 Defined at:
		line 133 in file "C:\Users\Dracarys\Documents\GitHub\SistemaEmbarcado_projeto_final\SistemasEmbarcados\Firmware no PIC16F877A\Supervisorio.c"
 Parameters:    Size  Location     Type
  channel         2    0[COMMON] unsigned short 
 Auto vars:     Size  Location     Type
		None
 Return value:  Size  Location     Type
		None               void
 Registers used:
		wreg, status,2, status,0
 Tracked objects:
		On entry : 
		On exit  : 
		Unchanged: 
 Data sizes:     COMMON   BANK0   BANK1   BANK3   BANK2
      Params:         2       0       0       0       0
      Locals:         0       0       0       0       0
      Temps:          1       0       0       0       0
      Totals:         3       0       0       0       0
Total ram usage:        3 bytes
 Hardware stack levels used:    1
 This function calls:
		Nothing
 This function is called by:
		_ISR
 This function uses a non-reentrant model



MODULE INFORMATION

Module		Function		Class		Link	Load	Size
shared
		__stringtab    		STRING         	0200	0000	6
		__stringdata   		STRING         	0206	0000	40
		__initializatio		CODE           	0015	0000	15

shared estimated size: 61

C:\Program Files (x86)\Microchip\xc8\v1.33\sources\common\aldiv.c
		___aldiv       		CODE           	00B9	0000	143

C:\Program Files (x86)\Microchip\xc8\v1.33\sources\common\aldiv.c estimated size: 143

C:\Users\Dracarys\Documents\GitHub\SistemaEmbarcado_projeto_final\SistemasEmbarcados\Firmware no PIC16F877A\Supervisorio.c
		_TIMER1_Init   		CODE           	028E	0000	16
		_USART_WriteCha		CODE           	02A6	0000	8
		_ISR           		CODE           	0028	0000	145
		_main          		CODE           	0148	0000	77
		_USART_ReceiveC		CODE           	024A	0000	26
		_ADC_Read      		CODE           	0264	0000	24
		_USART_WriteStr		CODE           	022E	0000	28
		_ADC_Init      		CODE           	027C	0000	18
		_USART_Init    		CODE           	0195	0000	74

C:\Users\Dracarys\Documents\GitHub\SistemaEmbarcado_projeto_final\SistemasEmbarcados\Firmware no PIC16F877A\Supervisorio.c estimated size: 416

