Microchip MPLAB XC8 Compiler V1.33 ()

Linker command line:

--edf=C:\Program Files (x86)\Microchip\xc8\v1.33\dat\en_msgs.txt -cs \
  -h+Supervisorio.sym --cmf=Supervisorio.cmf -z -Q16F877A \
  -oC:\Users\Dracarys\AppData\Local\Temp\s1fo.6 -MSupervisorio.map -E1 \
  -ver=XC8 -ASTACK=0110h-016fh -pstack=STACK -ACONST=00h-0FFhx32 \
  -ACODE=00h-07FFhx4 -ASTRCODE=00h-01FFFh -AENTRY=00h-0FFhx32 \
  -ASTRING=00h-0FFhx32 -ACOMMON=070h-07Fh -ABANK0=020h-06Fh \
  -ABANK1=0A0h-0EFh -ABANK2=0110h-016Fh -ABANK3=0190h-01EFh \
  -ARAM=020h-06Fh,0A0h-0EFh,0110h-016Fh,0190h-01EFh \
  -AABS1=020h-07Fh,0A0h-0EFh,0110h-016Fh,0190h-01EFh -ASFR0=00h-01Fh \
  -ASFR1=080h-09Fh -ASFR2=0100h-010Fh -ASFR3=0180h-018Fh \
  -preset_vec=00h,intentry=04h,init,end_init -ppowerup=CODE -pcinit=CODE \
  -pfunctab=CODE -ACONFIG=02007h-02007h -pconfig=CONFIG -DCONFIG=2 \
  -AIDLOC=02000h-02003h -pidloc=IDLOC -DIDLOC=2 -AEEDATA=00h-0FFh/02100h \
  -peeprom_data=EEDATA -DEEDATA=2 -DCODE=2 -DSTRCODE=2 -DSTRING=2 -DCONST=2 \
  -DENTRY=2 -k startup.obj Supervisorio.obj 

Object code version is 3.11

Machine type is 16F877A



                Name                               Link     Load   Length Selector   Space Scale
startup.obj     end_init                             12       12        3        8       0
                reset_vec                             0        0        3        0       0
                config                             2007     2007        1     400E       0
Supervisorio.obj
                cinit                                15       15       13        8       0
                intentry                              4        4        E        8       0
                text25                              CAA      CAA       18     1954       0
                text24                              C72      C72        8     18E4       0
                text23                              CF9      CF9       23     19F2       0
                text22                              CC2      CC2       1B     1984       0
                text21                              78B      78B       68      A08       0
                text20                              3E9      3E9       14        8       0
                text19                              E86      E86       5D     1D0C       0
                text18                              5FE      5FE       D3      A08       0
                text17                              C7A      C7A        8     18F4       0
                text16                              284      284      107        8       0
                text15                              CDD      CDD       1C     19BA       0
                text14                              EE3      EE3       8E     1DC6       0
                text13                              D3F      D3F       2B     1A7E       0
                text12                              38B      38B       5E        8       0
                text11                              DE3      DE3       4E     1BC6       0
                text10                              D1C      D1C       23     1A38       0
                text9                               C8A      C8A        E     1914       0
                text8                                28       28      25C        8       0
                text7                               6D1      6D1       BA      A08       0
                text6                               504      504       FA      A08       0
                text5                               C98      C98       12     1930       0
                text4                               F71      F71       8F     1EE2       0
                text3                               D9B      D9B       48     1B36       0
                text2                               7F3      7F3        D      A08       0
                text1                               D6A      D6A       31     1AD4       0
                maintext                            E31      E31       55     1C62       0
                cstackBANK0                          20       20       3C       20       1
                cstackCOMMON                         70       70        E       70       1
                cstackBANK1                          A0       A0       1C       A0       1
                clrtext                             C82      C82        8     1904       0
                bssBANK1                             BC       BC       11       A0       1
                bssBANK0                             5C       5C       11       20       1
                stringtext                          400      400      104        8       0

TOTAL           Name                               Link     Load   Length     Space
        CLASS   STACK          

        CLASS   CONST          

        CLASS   CODE           
                end_init                             12       12        3         0
                cinit                                15       15       13         0
                intentry                              4        4        E         0
                reset_vec                             0        0        3         0
                text25                              CAA      CAA       18         0
                text24                              C72      C72        8         0
                text23                              CF9      CF9       23         0
                text22                              CC2      CC2       1B         0
                text21                              78B      78B       68         0
                text20                              3E9      3E9       14         0
                text19                              E86      E86       5D         0
                text18                              5FE      5FE       D3         0
                text17                              C7A      C7A        8         0
                text16                              284      284      107         0
                text15                              CDD      CDD       1C         0
                text14                              EE3      EE3       8E         0
                text13                              D3F      D3F       2B         0
                text12                              38B      38B       5E         0
                text11                              DE3      DE3       4E         0
                text10                              D1C      D1C       23         0
                text9                               C8A      C8A        E         0
                text8                                28       28      25C         0
                text7                               6D1      6D1       BA         0
                text6                               504      504       FA         0
                text5                               C98      C98       12         0
                text4                               F71      F71       8F         0
                text3                               D9B      D9B       48         0
                text2                               7F3      7F3        D         0
                text1                               D6A      D6A       31         0
                maintext                            E31      E31       55         0
                clrtext                             C82      C82        8         0

        CLASS   STRCODE        
                stringtext                          400      400      104         0

        CLASS   ENTRY          

        CLASS   STRING         

        CLASS   COMMON         
                cstackCOMMON                         70       70        E         1

        CLASS   BANK0          
                cstackBANK0                          20       20       3C         1
                bssBANK0                             5C       5C       11         1

        CLASS   BANK1          
                cstackBANK1                          A0       A0       1C         1
                bssBANK1                             BC       BC       11         1

        CLASS   BANK2          

        CLASS   BANK3          

        CLASS   RAM            

        CLASS   ABS1           
                abs_s1                               7E       7E        2         1

        CLASS   SFR0           

        CLASS   SFR1           

        CLASS   SFR2           

        CLASS   SFR3           

        CLASS   CONFIG         
                config                             2007     2007        1         0

        CLASS   IDLOC          

        CLASS   EEDATA         



SEGMENTS        Name                           Load    Length   Top    Selector   Space  Class     Delta

                reset_vec                      000000  000003  000003         0       0  CODE        2
                intentry                       000004  0003F9  0003FD         8       0  CODE        2
                cstackBANK0                    000020  00004D  00006D        20       1  BANK0       1
                cstackCOMMON                   000070  00000E  00007E        70       1  COMMON      1
                cstackBANK1                    0000A0  00002D  0000CD        A0       1  BANK1       1
                stringtext                     000400  000104  000504         8       0  STRCODE     2
                text6                          000504  0002FC  000800       A08       0  CODE        2
                text24                         000C72  000008  000C7A      18E4       0  CODE        2
                text17                         000C7A  000008  000C82      18F4       0  CODE        2
                clrtext                        000C82  000008  000C8A      1904       0  CODE        2
                text9                          000C8A  00000E  000C98      1914       0  CODE        2
                text5                          000C98  000012  000CAA      1930       0  CODE        2
                text25                         000CAA  000018  000CC2      1954       0  CODE        2
                text22                         000CC2  00001B  000CDD      1984       0  CODE        2
                text15                         000CDD  00001C  000CF9      19BA       0  CODE        2
                text23                         000CF9  000023  000D1C      19F2       0  CODE        2
                text10                         000D1C  000023  000D3F      1A38       0  CODE        2
                text13                         000D3F  00002B  000D6A      1A7E       0  CODE        2
                text1                          000D6A  000031  000D9B      1AD4       0  CODE        2
                text3                          000D9B  000048  000DE3      1B36       0  CODE        2
                text11                         000DE3  00004E  000E31      1BC6       0  CODE        2
                maintext                       000E31  000055  000E86      1C62       0  CODE        2
                text19                         000E86  00005D  000EE3      1D0C       0  CODE        2
                text14                         000EE3  00008E  000F71      1DC6       0  CODE        2
                text4                          000F71  00008F  001000      1EE2       0  CODE        2
                config                         002007  000001  002008      400E       0  CONFIG      2


UNUSED ADDRESS RANGES

        Name                Unused          Largest block    Delta
        BANK0            006D-006F              3           1
        BANK1            00CD-00EF             23           1
        BANK2            0110-016F             60           1
        BANK3            0190-01EF             60           1
        CODE             0003-0003              1           2
                         03FD-03FF              3
                         0800-0C71            472
                         1000-1FFF            800
        CONST            0003-0003              1           2
                         03FD-03FF              3
                         0800-0C71            100
                         1000-1FFF            100
        EEDATA           2100-21FF            100           2
        ENTRY            0003-0003              1           2
                         03FD-03FF              3
                         0800-0C71            100
                         1000-1FFF            100
        IDLOC            2000-2003              4           2
        RAM              006D-006F              3           1
                         00CD-00EF             23
                         0110-016F             60
                         0190-01EF             60
        SFR0             0000-001F             20           1
        SFR1             0080-009F             20           1
        SFR2             0100-010F             10           1
        SFR3             0180-018F             10           1
        STACK            0110-016F             60           1
        STRCODE          0003-0003              1           2
                         03FD-03FF              3
                         0800-0C71            472
                         1000-1FFF           1000
        STRING           0003-0003              1           2
                         03FD-03FF              3
                         0800-0C71            100
                         1000-1FFF            100

                                  Symbol Table

?___aldiv                     cstackBANK1  00A0
?___ftadd                     cstackCOMMON 0078
?___ftmul                     cstackBANK0  0020
?___ftneg                     cstackCOMMON 0070
?___ftpack                    cstackCOMMON 0070
?___ftsub                     cstackBANK0  0027
?___fttol                     cstackBANK0  0030
?___lldiv                     cstackCOMMON 0070
?___llmod                     cstackBANK0  0020
?___lltoft                    cstackCOMMON 0078
?___lwtoft                    cstackCOMMON 0078
?___wmul                      cstackCOMMON 0070
?_sprintf                     cstackBANK0  002A
ADC_Read@channel              cstackCOMMON 0070
ISR@byte1                     cstackBANK0  005B
ISR@byte2                     cstackBANK0  005A
ISR@resp                      cstackBANK0  0059
USART_Init@BR                 cstackBANK1  00B8
USART_Init@BaudRate           cstackBANK1  00AF
USART_ReceiveChar@USART_Data  cstackCOMMON 0074
USART_WriteChar@USARTData     cstackBANK1  00A0
USART_WriteString@str         cstackBANK1  00A1
_ADCON0bits                   (abs)        001F
_ADCON1bits                   (abs)        009F
_ADCResult                    bssBANK0     005F
_ADC_Init                     text5        0C98
_ADC_Read                     text25       0CAA
_ADRESH                       (abs)        001E
_ADRESL                       (abs)        009E
_Display                      bssBANK0     0061
_INTCONbits                   (abs)        000B
_ISR                          text6        0504
_OERR                         (abs)        00C1
_PIE1bits                     (abs)        008C
_PIR1bits                     (abs)        000C
_PORTA                        (abs)        0005
_PORTB                        (abs)        0006
_PORTC                        (abs)        0007
_PORTD                        (abs)        0008
_PORTE                        (abs)        0009
_RB4                          (abs)        0034
_RB5                          (abs)        0035
_RCREG                        (abs)        001A
_RCSTAbits                    (abs)        0018
_SPBRG                        (abs)        0099
_TRISA                        (abs)        0085
_TRISB                        (abs)        0086
_TRISC                        (abs)        0087
_TRISD                        (abs)        0088
_TRISE                        (abs)        0089
_TXREG                        (abs)        0019
_TXSTAbits                    (abs)        0098
_USART_Init                   text3        0D9B
_USART_ReceiveChar            text22       0CC2
_USART_WriteChar              text2        07F3
_USART_WriteString            text1        0D6A
__CFG_BOREN$OFF               (abs)        0000
__CFG_CP$OFF                  (abs)        0000
__CFG_CPD$OFF                 (abs)        0000
__CFG_FOSC$HS                 (abs)        0000
__CFG_LVP$OFF                 (abs)        0000
__CFG_PWRTE$ON                (abs)        0000
__CFG_WDTE$OFF                (abs)        0000
__Habs1                       abs1         0000
__Hbank0                      bank0        0000
__Hbank1                      bank1        0000
__Hbank2                      bank2        0000
__Hbank3                      bank3        0000
__HbssBANK0                   bssBANK0     0000
__HbssBANK1                   bssBANK1     0000
__Hcinit                      cinit        0028
__Hclrtext                    clrtext      0000
__Hcode                       code         0000
__Hcommon                     common       0000
__Hconfig                     config       2008
__HcstackBANK0                cstackBANK0  0000
__HcstackBANK1                cstackBANK1  0000
__HcstackCOMMON               cstackCOMMON 0000
__Heeprom_data                eeprom_data  0000
__Hend_init                   end_init     0015
__Hfunctab                    functab      0000
__Hidloc                      idloc        0000
__Hinit                       init         0012
__Hintentry                   intentry     0012
__Hmaintext                   maintext     0000
__Hpowerup                    powerup      0000
__Hram                        ram          0000
__Hreset_vec                  reset_vec    0003
__Hsfr0                       sfr0         0000
__Hsfr1                       sfr1         0000
__Hsfr2                       sfr2         0000
__Hsfr3                       sfr3         0000
__Hspace_0                    (abs)        2008
__Hspace_1                    (abs)        00CD
__Hspace_2                    (abs)        0000
__Hspace_3                    (abs)        0000
__Hstack                      stack        0000
__Hstrings                    strings      0000
__Hstringtext                 stringtext   0000
__Htext                       text         0000
__Labs1                       abs1         0000
__Lbank0                      bank0        0000
__Lbank1                      bank1        0000
__Lbank2                      bank2        0000
__Lbank3                      bank3        0000
__LbssBANK0                   bssBANK0     0000
__LbssBANK1                   bssBANK1     0000
__Lcinit                      cinit        0015
__Lclrtext                    clrtext      0000
__Lcode                       code         0000
__Lcommon                     common       0000
__Lconfig                     config       2007
__LcstackBANK0                cstackBANK0  0000
__LcstackBANK1                cstackBANK1  0000
__LcstackCOMMON               cstackCOMMON 0000
__Leeprom_data                eeprom_data  0000
__Lend_init                   end_init     0012
__Lfunctab                    functab      0000
__Lidloc                      idloc        0000
__Linit                       init         0012
__Lintentry                   intentry     0004
__Lmaintext                   maintext     0000
__Lpowerup                    powerup      0000
__Lram                        ram          0000
__Lreset_vec                  reset_vec    0000
__Lsfr0                       sfr0         0000
__Lsfr1                       sfr1         0000
__Lsfr2                       sfr2         0000
__Lsfr3                       sfr3         0000
__Lspace_0                    (abs)        0000
__Lspace_1                    (abs)        0000
__Lspace_2                    (abs)        0000
__Lspace_3                    (abs)        0000
__Lstack                      stack        0000
__Lstrings                    strings      0000
__Lstringtext                 stringtext   0000
__Ltext                       text         0000
__S0                          (abs)        2008
__S1                          (abs)        00CD
__S2                          (abs)        0000
__S3                          (abs)        0000
___aldiv                      text4        0F71
___aldiv@counter              cstackBANK1  00A9
___aldiv@dividend             cstackBANK1  00A4
___aldiv@divisor              cstackBANK1  00A0
___aldiv@quotient             cstackBANK1  00AB
___aldiv@sign                 cstackBANK1  00AA
___ftadd                      text16       0284
___ftadd@exp1                 cstackBANK0  0026
___ftadd@exp2                 cstackBANK0  0025
___ftadd@f1                   cstackCOMMON 0078
___ftadd@f2                   cstackCOMMON 007B
___ftadd@sign                 cstackBANK0  0024
___ftge                       text19       0E86
___ftge@ff1                   cstackCOMMON 0070
___ftge@ff2                   cstackCOMMON 0073
___ftmul                      text18       05FE
___ftmul@cntr                 cstackBANK0  002E
___ftmul@exp                  cstackBANK0  002A
___ftmul@f1                   cstackBANK0  0020
___ftmul@f2                   cstackBANK0  0023
___ftmul@f3_as_product        cstackBANK0  002B
___ftmul@sign                 cstackBANK0  002F
___ftneg                      text17       0C7A
___ftneg@f1                   cstackCOMMON 0070
___ftpack                     text21       078B
___ftpack@arg                 cstackCOMMON 0070
___ftpack@exp                 cstackCOMMON 0073
___ftpack@sign                cstackCOMMON 0074
___ftsub                      text15       0CDD
___ftsub@f1                   cstackBANK0  002A
___ftsub@f2                   cstackBANK0  0027
___fttol                      text14       0EE3
___fttol@exp1                 cstackBANK0  003D
___fttol@f1                   cstackBANK0  0030
___fttol@lval                 cstackBANK0  0039
___fttol@sign1                cstackBANK0  0038
___int_sp                     stack        0000
___latbits                    (abs)        0002
___lldiv                      text12       038B
___lldiv@counter              cstackCOMMON 007D
___lldiv@dividend             cstackCOMMON 0074
___lldiv@divisor              cstackCOMMON 0070
___lldiv@quotient             cstackCOMMON 0079
___llmod                      text11       0DE3
___llmod@counter              cstackBANK0  0029
___llmod@dividend             cstackBANK0  0024
___llmod@divisor              cstackBANK0  0020
___lltoft                     text13       0D3F
___lltoft@c                   cstackCOMMON 0078
___lltoft@exp                 cstackCOMMON 007D
___lwtoft                     text20       03E9
___lwtoft@c                   cstackCOMMON 0078
___sp                         stack        0000
___wmul                       text10       0D1C
___wmul@multiplicand          cstackCOMMON 0072
___wmul@multiplier            cstackCOMMON 0070
___wmul@product               cstackCOMMON 0074
__end_of_ADC_Init             text5        0CAA
__end_of_ADC_Read             text25       0CC2
__end_of_ISR                  text6        05FE
__end_of_USART_Init           text3        0DE3
__end_of_USART_ReceiveChar    text22       0CDD
__end_of_USART_WriteChar      text2        0800
__end_of_USART_WriteString    text1        0D9B
__end_of___aldiv              text4        1000
__end_of___ftadd              text16       038B
__end_of___ftge               text19       0EE3
__end_of___ftmul              text18       06D1
__end_of___ftneg              text17       0C82
__end_of___ftpack             text21       07F3
__end_of___ftsub              text15       0CF9
__end_of___fttol              text14       0F71
__end_of___lldiv              text12       03E9
__end_of___llmod              text11       0E31
__end_of___lltoft             text13       0D6A
__end_of___lwtoft             text20       03FD
__end_of___wmul               text10       0D3F
__end_of__initialization      cinit        0024
__end_of__stringdata          stringtext   0504
__end_of__stringtab           stringtext   0412
__end_of_dpowers              stringtext   043A
__end_of_ftoa                 text7        078B
__end_of_isdigit              text9        0C98
__end_of_main                 maintext     0E86
__end_of_sprintf              text8        0284
__end_ofi1_USART_WriteChar    text24       0C7A
__end_ofi1_USART_WriteString  text23       0D1C
__initialization              cinit        0015
__pbssBANK0                   bssBANK0     005C
__pbssBANK1                   bssBANK1     00BC
__pcstackBANK0                cstackBANK0  0020
__pcstackBANK1                cstackBANK1  00A0
__pcstackCOMMON               cstackCOMMON 0070
__pintentry                   intentry     0004
__pmaintext                   maintext     0E31
__pstringtext                 stringtext   0400
__ptext1                      text1        0D6A
__ptext10                     text10       0D1C
__ptext11                     text11       0DE3
__ptext12                     text12       038B
__ptext13                     text13       0D3F
__ptext14                     text14       0EE3
__ptext15                     text15       0CDD
__ptext16                     text16       0284
__ptext17                     text17       0C7A
__ptext18                     text18       05FE
__ptext19                     text19       0E86
__ptext2                      text2        07F3
__ptext20                     text20       03E9
__ptext21                     text21       078B
__ptext22                     text22       0CC2
__ptext23                     text23       0CF9
__ptext24                     text24       0C72
__ptext25                     text25       0CAA
__ptext3                      text3        0D9B
__ptext4                      text4        0F71
__ptext5                      text5        0C98
__ptext6                      text6        0504
__ptext7                      text7        06D1
__ptext8                      text8        0028
__ptext9                      text9        0C8A
__size_of_ADC_Init            (abs)        0000
__size_of_ADC_Read            (abs)        0000
__size_of_ISR                 (abs)        0000
__size_of_USART_Init          (abs)        0000
__size_of_USART_ReceiveChar   (abs)        0000
__size_of_USART_WriteChar     (abs)        0000
__size_of_USART_WriteString   (abs)        0000
__size_of___aldiv             (abs)        0000
__size_of___ftadd             (abs)        0000
__size_of___ftge              (abs)        0000
__size_of___ftmul             (abs)        0000
__size_of___ftneg             (abs)        0000
__size_of___ftpack            (abs)        0000
__size_of___ftsub             (abs)        0000
__size_of___fttol             (abs)        0000
__size_of___lldiv             (abs)        0000
__size_of___llmod             (abs)        0000
__size_of___lltoft            (abs)        0000
__size_of___lwtoft            (abs)        0000
__size_of___wmul              (abs)        0000
__size_of_ftoa                (abs)        0000
__size_of_isdigit             (abs)        0000
__size_of_main                (abs)        0000
__size_of_sprintf             (abs)        0000
__size_ofi1_USART_WriteChar   (abs)        0000
__size_ofi1_USART_WriteString (abs)        0000
__stringbase                  stringtext   0412
__stringdata                  stringtext   043A
__stringtab                   stringtext   0400
_buffer                       bssBANK0     0062
_dpowers                      stringtext   0412
_ftoa                         text7        06D1
_input                        bssBANK0     005C
_isdigit                      text9        0C8A
_isdigit$602                  cstackCOMMON 0070
_main                         maintext     0E31
_sprintf                      text8        0028
_status                       bssBANK0     006B
btemp                         (abs)        007E
clear_ram0                    clrtext      0C82
end_of_initialization         cinit        0024
ftoa@buf                      bssBANK1     00BC
ftoa@cp                       cstackBANK0  0052
ftoa@f                        cstackBANK0  0045
ftoa@l                        cstackBANK0  004E
ftoa@rem                      cstackBANK0  004A
ftoa@status                   cstackBANK0  0048
i1USART_WriteChar@USARTData   cstackCOMMON 0070
i1USART_WriteString@str       cstackCOMMON 0071
i1_USART_WriteChar            text24       0C72
i1_USART_WriteString          text23       0CF9
interrupt_function            intentry     0004
intlevel0                     functab      0000
intlevel1                     functab      0000
intlevel2                     functab      0000
intlevel3                     functab      0000
intlevel4                     functab      0000
intlevel5                     functab      0000
isdigit@c                     cstackCOMMON 0071
ltemp                         (abs)        007E
ltemp0                        (abs)        007E
ltemp1                        (abs)        0082
ltemp2                        (abs)        0086
ltemp3                        (abs)        0080
reset_vec                     reset_vec    0000
saved_w                       (abs)        007E
sprintf@_val                  cstackBANK0  003B
sprintf@ap                    cstackBANK0  003A
sprintf@c                     cstackBANK0  0044
sprintf@f                     cstackBANK0  002A
sprintf@flag                  cstackBANK0  0039
sprintf@prec                  cstackBANK0  0042
sprintf@sp                    cstackBANK0  003F
sprintf@width                 cstackBANK0  0040
stackhi                       (abs)        0000
stacklo                       (abs)        0000
start                         init         0012
start_initialization          cinit        0015
ttemp                         (abs)        007E
ttemp0                        (abs)        007E
ttemp1                        (abs)        0081
ttemp2                        (abs)        0084
ttemp3                        (abs)        0087
ttemp4                        (abs)        007F
wtemp                         (abs)        007E
wtemp0                        (abs)        007E
wtemp1                        (abs)        0080
wtemp2                        (abs)        0082
wtemp3                        (abs)        0084
wtemp4                        (abs)        0086
wtemp5                        (abs)        0088
wtemp6                        (abs)        007F


FUNCTION INFORMATION:

 *************** function _main *****************
 Defined at:
		line 218 in file "C:\Users\Dracarys\Downloads\Sistemas Embarcados\Trabalho_Final_Sistemas_embarcados_coletar_de_sensor_analogico_a_cada_1_segundo\Supervisorio_PIC para_sinais\Firmware no PIC16F877A\Supervisorio.c"
 Parameters:    Size  Location     Type
		None
 Auto vars:     Size  Location     Type
		None
 Return value:  Size  Location     Type
		None               void
 Registers used:
		wreg, fsr0l, fsr0h, status,2, status,0, btemp+1, pclath, cstack
 Tracked objects:
		On entry : 
		On exit  : 
		Unchanged: 
 Data sizes:     COMMON   BANK0   BANK1   BANK3   BANK2
      Params:         0       0       0       0       0
      Locals:         0       0       0       0       0
      Temps:          0       0       3       0       0
      Totals:         0       0       3       0       0
Total ram usage:        3 bytes
 Hardware stack levels required when called:    7
 This function calls:
		_ADC_Init
		_USART_Init
		_USART_WriteString
 This function is called by:
		Startup code after reset
 This function uses a non-reentrant model


 *************** function _USART_WriteString *****************
 Defined at:
		line 66 in file "C:\Users\Dracarys\Downloads\Sistemas Embarcados\Trabalho_Final_Sistemas_embarcados_coletar_de_sensor_analogico_a_cada_1_segundo\Supervisorio_PIC para_sinais\Firmware no PIC16F877A\Supervisorio.c"
 Parameters:    Size  Location     Type
  str             2    1[BANK1 ] PTR const unsigned char 
		 -> NULL(0), ftoa@buf(17), STR_6(17), STR_5(35), 
		 -> STR_4(32), STR_3(35), STR_2(32), buffer(9), 
		 -> STR_1(40), 
 Auto vars:     Size  Location     Type
		None
 Return value:  Size  Location     Type
		None               void
 Registers used:
		wreg, fsr0l, fsr0h, status,2, status,0, btemp+1, pclath, cstack
 Tracked objects:
		On entry : 
		On exit  : 
		Unchanged: 
 Data sizes:     COMMON   BANK0   BANK1   BANK3   BANK2
      Params:         0       0       2       0       0
      Locals:         0       0       0       0       0
      Temps:          0       0       0       0       0
      Totals:         0       0       2       0       0
Total ram usage:        2 bytes
 Hardware stack levels used:    1
 Hardware stack levels required when called:    6
 This function calls:
		_USART_WriteChar
 This function is called by:
		_main
 This function uses a non-reentrant model


 *************** function _USART_WriteChar *****************
 Defined at:
		line 59 in file "C:\Users\Dracarys\Downloads\Sistemas Embarcados\Trabalho_Final_Sistemas_embarcados_coletar_de_sensor_analogico_a_cada_1_segundo\Supervisorio_PIC para_sinais\Firmware no PIC16F877A\Supervisorio.c"
 Parameters:    Size  Location     Type
  USARTData       1    wreg     unsigned char 
 Auto vars:     Size  Location     Type
  USARTData       1    0[BANK1 ] unsigned char 
 Return value:  Size  Location     Type
		None               void
 Registers used:
		wreg
 Tracked objects:
		On entry : 
		On exit  : 
		Unchanged: 
 Data sizes:     COMMON   BANK0   BANK1   BANK3   BANK2
      Params:         0       0       0       0       0
      Locals:         0       0       1       0       0
      Temps:          0       0       0       0       0
      Totals:         0       0       1       0       0
Total ram usage:        1 bytes
 Hardware stack levels used:    1
 Hardware stack levels required when called:    5
 This function calls:
		Nothing
 This function is called by:
		_USART_WriteString
 This function uses a non-reentrant model


 *************** function _USART_Init *****************
 Defined at:
		line 22 in file "C:\Users\Dracarys\Downloads\Sistemas Embarcados\Trabalho_Final_Sistemas_embarcados_coletar_de_sensor_analogico_a_cada_1_segundo\Supervisorio_PIC para_sinais\Firmware no PIC16F877A\Supervisorio.c"
 Parameters:    Size  Location     Type
  BaudRate        4   15[BANK1 ] long 
 Auto vars:     Size  Location     Type
  BR              1   24[BANK1 ] unsigned char 
 Return value:  Size  Location     Type
		None               void
 Registers used:
		wreg, status,2, status,0, pclath, cstack
 Tracked objects:
		On entry : 
		On exit  : 
		Unchanged: 
 Data sizes:     COMMON   BANK0   BANK1   BANK3   BANK2
      Params:         0       0       4       0       0
      Locals:         0       0       1       0       0
      Temps:          0       0       5       0       0
      Totals:         0       0      10       0       0
Total ram usage:       10 bytes
 Hardware stack levels used:    1
 Hardware stack levels required when called:    6
 This function calls:
		___aldiv
 This function is called by:
		_main
 This function uses a non-reentrant model


 *************** function ___aldiv *****************
 Defined at:
		line 6 in file "C:\Program Files (x86)\Microchip\xc8\v1.33\sources\common\aldiv.c"
 Parameters:    Size  Location     Type
  divisor         4    0[BANK1 ] long 
  dividend        4    4[BANK1 ] long 
 Auto vars:     Size  Location     Type
  quotient        4   11[BANK1 ] long 
  sign            1   10[BANK1 ] unsigned char 
  counter         1    9[BANK1 ] unsigned char 
 Return value:  Size  Location     Type
                  4    0[BANK1 ] long 
 Registers used:
		wreg, status,2, status,0
 Tracked objects:
		On entry : 
		On exit  : 
		Unchanged: 
 Data sizes:     COMMON   BANK0   BANK1   BANK3   BANK2
      Params:         0       0       8       0       0
      Locals:         0       0       6       0       0
      Temps:          0       0       1       0       0
      Totals:         0       0      15       0       0
Total ram usage:       15 bytes
 Hardware stack levels used:    1
 Hardware stack levels required when called:    5
 This function calls:
		Nothing
 This function is called by:
		_USART_Init
 This function uses a non-reentrant model


 *************** function _ADC_Init *****************
 Defined at:
		line 100 in file "C:\Users\Dracarys\Downloads\Sistemas Embarcados\Trabalho_Final_Sistemas_embarcados_coletar_de_sensor_analogico_a_cada_1_segundo\Supervisorio_PIC para_sinais\Firmware no PIC16F877A\Supervisorio.c"
 Parameters:    Size  Location     Type
		None
 Auto vars:     Size  Location     Type
		None
 Return value:  Size  Location     Type
		None               void
 Registers used:
		None
 Tracked objects:
		On entry : 
		On exit  : 
		Unchanged: 
 Data sizes:     COMMON   BANK0   BANK1   BANK3   BANK2
      Params:         0       0       0       0       0
      Locals:         0       0       0       0       0
      Temps:          0       0       0       0       0
      Totals:         0       0       0       0       0
Total ram usage:        0 bytes
 Hardware stack levels used:    1
 Hardware stack levels required when called:    5
 This function calls:
		Nothing
 This function is called by:
		_main
 This function uses a non-reentrant model


 *************** function _ISR *****************
 Defined at:
		line 132 in file "C:\Users\Dracarys\Downloads\Sistemas Embarcados\Trabalho_Final_Sistemas_embarcados_coletar_de_sensor_analogico_a_cada_1_segundo\Supervisorio_PIC para_sinais\Firmware no PIC16F877A\Supervisorio.c"
 Parameters:    Size  Location     Type
		None
 Auto vars:     Size  Location     Type
  byte1           1   59[BANK0 ] unsigned char 
  byte2           1   58[BANK0 ] unsigned char 
  resp            1   57[BANK0 ] unsigned char 
 Return value:  Size  Location     Type
		None               void
 Registers used:
		wreg, fsr0l, fsr0h, status,2, status,0, btemp+1, pclath, cstack
 Tracked objects:
		On entry : 
		On exit  : 
		Unchanged: 
 Data sizes:     COMMON   BANK0   BANK1   BANK3   BANK2
      Params:         0       0       0       0       0
      Locals:         0       3       0       0       0
      Temps:          0       6       0       0       0
      Totals:         0       9       0       0       0
Total ram usage:        9 bytes
 Hardware stack levels used:    1
 Hardware stack levels required when called:    4
 This function calls:
		_ADC_Read
		_USART_ReceiveChar
		___ftmul
		___lwtoft
		_ftoa
		i1_USART_WriteString
 This function is called by:
		Interrupt level 1
 This function uses a non-reentrant model


 *************** function _ftoa *****************
 Defined at:
		line 6 in file "C:\Program Files (x86)\Microchip\xc8\v1.33\sources\common\ftoa.c"
 Parameters:    Size  Location     Type
  f               3   37[BANK0 ] float 
  status          1   40[BANK0 ] PTR int 
		 -> status(2), 
 Auto vars:     Size  Location     Type
  l               4   46[BANK0 ] unsigned long 
  rem             4   42[BANK0 ] unsigned long 
  cp              1   50[BANK0 ] PTR unsigned char 
		 -> ftoa@buf(17), 
 Return value:  Size  Location     Type
                  1    wreg      PTR unsigned char 
 Registers used:
		wreg, fsr0l, fsr0h, status,2, status,0, btemp+1, pclath, cstack
 Tracked objects:
		On entry : 
		On exit  : 
		Unchanged: 
 Data sizes:     COMMON   BANK0   BANK1   BANK3   BANK2
      Params:         0       4       0       0       0
      Locals:         0       9       0       0       0
      Temps:          0       1       0       0       0
      Totals:         0      14       0       0       0
Total ram usage:       14 bytes
 Hardware stack levels used:    1
 Hardware stack levels required when called:    3
 This function calls:
		___ftge
		___ftmul
		___ftneg
		___ftsub
		___fttol
		___lltoft
		_sprintf
 This function is called by:
		_ISR
 This function uses a non-reentrant model


 *************** function _sprintf *****************
 Defined at:
		line 492 in file "C:\Program Files (x86)\Microchip\xc8\v1.33\sources\common\doprnt.c"
 Parameters:    Size  Location     Type
  sp              1    wreg     PTR unsigned char 
		 -> ftoa@buf(17), 
  f               2   10[BANK0 ] PTR const unsigned char 
		 -> STR_7(11), 
 Auto vars:     Size  Location     Type
  sp              1   31[BANK0 ] PTR unsigned char 
		 -> ftoa@buf(17), 
  _val            4   27[BANK0 ] struct .
  prec            2   34[BANK0 ] int 
  width           2   32[BANK0 ] int 
  c               1   36[BANK0 ] char 
  ap              1   26[BANK0 ] PTR void [1]
		 -> ?_sprintf(2), 
  flag            1   25[BANK0 ] unsigned char 
 Return value:  Size  Location     Type
                  2   10[BANK0 ] int 
 Registers used:
		wreg, fsr0l, fsr0h, status,2, status,0, btemp+1, pclath, cstack
 Tracked objects:
		On entry : 
		On exit  : 
		Unchanged: 
 Data sizes:     COMMON   BANK0   BANK1   BANK3   BANK2
      Params:         0      10       0       0       0
      Locals:         0      12       0       0       0
      Temps:          0       5       0       0       0
      Totals:         0      27       0       0       0
Total ram usage:       27 bytes
 Hardware stack levels used:    1
 Hardware stack levels required when called:    1
 This function calls:
		___lldiv
		___llmod
		___wmul
		_isdigit
 This function is called by:
		_ftoa
 This function uses a non-reentrant model


 *************** function _isdigit *****************
 Defined at:
		line 8 in file "C:\Program Files (x86)\Microchip\xc8\v1.33\sources\common\isdigit.c"
 Parameters:    Size  Location     Type
  c               1    wreg     unsigned char 
 Auto vars:     Size  Location     Type
  c               1    1[COMMON] unsigned char 
 Return value:  Size  Location     Type
		None               void
 Registers used:
		wreg, status,2, status,0
 Tracked objects:
		On entry : 
		On exit  : 
		Unchanged: 
 Data sizes:     COMMON   BANK0   BANK1   BANK3   BANK2
      Params:         0       0       0       0       0
      Locals:         2       0       0       0       0
      Temps:          0       0       0       0       0
      Totals:         2       0       0       0       0
Total ram usage:        2 bytes
 Hardware stack levels used:    1
 This function calls:
		Nothing
 This function is called by:
		_sprintf
 This function uses a non-reentrant model


 *************** function ___wmul *****************
 Defined at:
		line 15 in file "C:\Program Files (x86)\Microchip\xc8\v1.33\sources\common\Umul16.c"
 Parameters:    Size  Location     Type
  multiplier      2    0[COMMON] unsigned int 
  multiplicand    2    2[COMMON] unsigned int 
 Auto vars:     Size  Location     Type
  product         2    4[COMMON] unsigned int 
 Return value:  Size  Location     Type
                  2    0[COMMON] unsigned int 
 Registers used:
		wreg, status,2, status,0
 Tracked objects:
		On entry : 
		On exit  : 
		Unchanged: 
 Data sizes:     COMMON   BANK0   BANK1   BANK3   BANK2
      Params:         4       0       0       0       0
      Locals:         2       0       0       0       0
      Temps:          0       0       0       0       0
      Totals:         6       0       0       0       0
Total ram usage:        6 bytes
 Hardware stack levels used:    1
 This function calls:
		Nothing
 This function is called by:
		_sprintf
 This function uses a non-reentrant model


 *************** function ___llmod *****************
 Defined at:
		line 6 in file "C:\Program Files (x86)\Microchip\xc8\v1.33\sources\common\llmod.c"
 Parameters:    Size  Location     Type
  divisor         4    0[BANK0 ] unsigned long 
  dividend        4    4[BANK0 ] unsigned long 
 Auto vars:     Size  Location     Type
  counter         1    9[BANK0 ] unsigned char 
 Return value:  Size  Location     Type
                  4    0[BANK0 ] unsigned long 
 Registers used:
		wreg, status,2, status,0
 Tracked objects:
		On entry : 
		On exit  : 
		Unchanged: 
 Data sizes:     COMMON   BANK0   BANK1   BANK3   BANK2
      Params:         0       8       0       0       0
      Locals:         0       1       0       0       0
      Temps:          0       1       0       0       0
      Totals:         0      10       0       0       0
Total ram usage:       10 bytes
 Hardware stack levels used:    1
 This function calls:
		Nothing
 This function is called by:
		_sprintf
 This function uses a non-reentrant model


 *************** function ___lldiv *****************
 Defined at:
		line 6 in file "C:\Program Files (x86)\Microchip\xc8\v1.33\sources\common\lldiv.c"
 Parameters:    Size  Location     Type
  divisor         4    0[COMMON] unsigned long 
  dividend        4    4[COMMON] unsigned long 
 Auto vars:     Size  Location     Type
  quotient        4    9[COMMON] unsigned long 
  counter         1   13[COMMON] unsigned char 
 Return value:  Size  Location     Type
                  4    0[COMMON] unsigned long 
 Registers used:
		wreg, status,2, status,0
 Tracked objects:
		On entry : 
		On exit  : 
		Unchanged: 
 Data sizes:     COMMON   BANK0   BANK1   BANK3   BANK2
      Params:         8       0       0       0       0
      Locals:         5       0       0       0       0
      Temps:          1       0       0       0       0
      Totals:        14       0       0       0       0
Total ram usage:       14 bytes
 Hardware stack levels used:    1
 This function calls:
		Nothing
 This function is called by:
		_sprintf
 This function uses a non-reentrant model


 *************** function ___lltoft *****************
 Defined at:
		line 35 in file "C:\Program Files (x86)\Microchip\xc8\v1.33\sources\common\lltoft.c"
 Parameters:    Size  Location     Type
  c               4    8[COMMON] unsigned long 
 Auto vars:     Size  Location     Type
  exp             1   13[COMMON] unsigned char 
 Return value:  Size  Location     Type
                  3    8[COMMON] float 
 Registers used:
		wreg, status,2, status,0, pclath, cstack
 Tracked objects:
		On entry : 
		On exit  : 
		Unchanged: 
 Data sizes:     COMMON   BANK0   BANK1   BANK3   BANK2
      Params:         4       0       0       0       0
      Locals:         1       0       0       0       0
      Temps:          1       0       0       0       0
      Totals:         6       0       0       0       0
Total ram usage:        6 bytes
 Hardware stack levels used:    1
 Hardware stack levels required when called:    1
 This function calls:
		___ftpack
 This function is called by:
		_ftoa
 This function uses a non-reentrant model


 *************** function ___fttol *****************
 Defined at:
		line 44 in file "C:\Program Files (x86)\Microchip\xc8\v1.33\sources\common\fttol.c"
 Parameters:    Size  Location     Type
  f1              3   16[BANK0 ] float 
 Auto vars:     Size  Location     Type
  lval            4   25[BANK0 ] unsigned long 
  exp1            1   29[BANK0 ] unsigned char 
  sign1           1   24[BANK0 ] unsigned char 
 Return value:  Size  Location     Type
                  4   16[BANK0 ] long 
 Registers used:
		wreg, status,2, status,0
 Tracked objects:
		On entry : 
		On exit  : 
		Unchanged: 
 Data sizes:     COMMON   BANK0   BANK1   BANK3   BANK2
      Params:         0       4       0       0       0
      Locals:         0       6       0       0       0
      Temps:          0       4       0       0       0
      Totals:         0      14       0       0       0
Total ram usage:       14 bytes
 Hardware stack levels used:    1
 This function calls:
		Nothing
 This function is called by:
		_ftoa
 This function uses a non-reentrant model


 *************** function ___ftsub *****************
 Defined at:
		line 18 in file "C:\Program Files (x86)\Microchip\xc8\v1.33\sources\common\ftsub.c"
 Parameters:    Size  Location     Type
  f2              3    7[BANK0 ] float 
  f1              3   10[BANK0 ] float 
 Auto vars:     Size  Location     Type
		None
 Return value:  Size  Location     Type
                  3    7[BANK0 ] float 
 Registers used:
		wreg, status,2, status,0, pclath, cstack
 Tracked objects:
		On entry : 
		On exit  : 
		Unchanged: 
 Data sizes:     COMMON   BANK0   BANK1   BANK3   BANK2
      Params:         0       6       0       0       0
      Locals:         0       0       0       0       0
      Temps:          0       0       0       0       0
      Totals:         0       6       0       0       0
Total ram usage:        6 bytes
 Hardware stack levels used:    1
 Hardware stack levels required when called:    2
 This function calls:
		___ftadd
 This function is called by:
		_ftoa
 This function uses a non-reentrant model


 *************** function ___ftadd *****************
 Defined at:
		line 86 in file "C:\Program Files (x86)\Microchip\xc8\v1.33\sources\common\ftadd.c"
 Parameters:    Size  Location     Type
  f1              3    8[COMMON] float 
  f2              3   11[COMMON] float 
 Auto vars:     Size  Location     Type
  exp1            1    6[BANK0 ] unsigned char 
  exp2            1    5[BANK0 ] unsigned char 
  sign            1    4[BANK0 ] unsigned char 
 Return value:  Size  Location     Type
                  3    8[COMMON] float 
 Registers used:
		wreg, status,2, status,0, pclath, cstack
 Tracked objects:
		On entry : 
		On exit  : 
		Unchanged: 
 Data sizes:     COMMON   BANK0   BANK1   BANK3   BANK2
      Params:         6       0       0       0       0
      Locals:         0       3       0       0       0
      Temps:          0       4       0       0       0
      Totals:         6       7       0       0       0
Total ram usage:       13 bytes
 Hardware stack levels used:    1
 Hardware stack levels required when called:    1
 This function calls:
		___ftpack
 This function is called by:
		___ftsub
 This function uses a non-reentrant model


 *************** function ___ftneg *****************
 Defined at:
		line 15 in file "C:\Program Files (x86)\Microchip\xc8\v1.33\sources\common\ftneg.c"
 Parameters:    Size  Location     Type
  f1              3    0[COMMON] float 
 Auto vars:     Size  Location     Type
		None
 Return value:  Size  Location     Type
                  3    0[COMMON] float 
 Registers used:
		wreg
 Tracked objects:
		On entry : 
		On exit  : 
		Unchanged: 
 Data sizes:     COMMON   BANK0   BANK1   BANK3   BANK2
      Params:         3       0       0       0       0
      Locals:         0       0       0       0       0
      Temps:          0       0       0       0       0
      Totals:         3       0       0       0       0
Total ram usage:        3 bytes
 Hardware stack levels used:    1
 This function calls:
		Nothing
 This function is called by:
		_ftoa
 This function uses a non-reentrant model


 *************** function ___ftmul *****************
 Defined at:
		line 62 in file "C:\Program Files (x86)\Microchip\xc8\v1.33\sources\common\ftmul.c"
 Parameters:    Size  Location     Type
  f1              3    0[BANK0 ] float 
  f2              3    3[BANK0 ] float 
 Auto vars:     Size  Location     Type
  f3_as_produc    3   11[BANK0 ] unsigned um
  sign            1   15[BANK0 ] unsigned char 
  cntr            1   14[BANK0 ] unsigned char 
  exp             1   10[BANK0 ] unsigned char 
 Return value:  Size  Location     Type
                  3    0[BANK0 ] float 
 Registers used:
		wreg, status,2, status,0, pclath, cstack
 Tracked objects:
		On entry : 
		On exit  : 
		Unchanged: 
 Data sizes:     COMMON   BANK0   BANK1   BANK3   BANK2
      Params:         0       6       0       0       0
      Locals:         0       6       0       0       0
      Temps:          0       4       0       0       0
      Totals:         0      16       0       0       0
Total ram usage:       16 bytes
 Hardware stack levels used:    1
 Hardware stack levels required when called:    1
 This function calls:
		___ftpack
 This function is called by:
		_ISR
		_ftoa
 This function uses a non-reentrant model


 *************** function ___ftge *****************
 Defined at:
		line 4 in file "C:\Program Files (x86)\Microchip\xc8\v1.33\sources\common\ftge.c"
 Parameters:    Size  Location     Type
  ff1             3    0[COMMON] float 
  ff2             3    3[COMMON] float 
 Auto vars:     Size  Location     Type
		None
 Return value:  Size  Location     Type
		None               void
 Registers used:
		wreg, status,2, status,0
 Tracked objects:
		On entry : 
		On exit  : 
		Unchanged: 
 Data sizes:     COMMON   BANK0   BANK1   BANK3   BANK2
      Params:         6       0       0       0       0
      Locals:         0       0       0       0       0
      Temps:          6       0       0       0       0
      Totals:        12       0       0       0       0
Total ram usage:       12 bytes
 Hardware stack levels used:    1
 This function calls:
		Nothing
 This function is called by:
		_ftoa
 This function uses a non-reentrant model


 *************** function ___lwtoft *****************
 Defined at:
		line 28 in file "C:\Program Files (x86)\Microchip\xc8\v1.33\sources\common\lwtoft.c"
 Parameters:    Size  Location     Type
  c               2    8[COMMON] unsigned int 
 Auto vars:     Size  Location     Type
		None
 Return value:  Size  Location     Type
                  3    8[COMMON] float 
 Registers used:
		wreg, status,2, status,0, pclath, cstack
 Tracked objects:
		On entry : 
		On exit  : 
		Unchanged: 
 Data sizes:     COMMON   BANK0   BANK1   BANK3   BANK2
      Params:         3       0       0       0       0
      Locals:         0       0       0       0       0
      Temps:          1       0       0       0       0
      Totals:         4       0       0       0       0
Total ram usage:        4 bytes
 Hardware stack levels used:    1
 Hardware stack levels required when called:    1
 This function calls:
		___ftpack
 This function is called by:
		_ISR
 This function uses a non-reentrant model


 *************** function ___ftpack *****************
 Defined at:
		line 62 in file "C:\Program Files (x86)\Microchip\xc8\v1.33\sources\common\float.c"
 Parameters:    Size  Location     Type
  arg             3    0[COMMON] unsigned um
  exp             1    3[COMMON] unsigned char 
  sign            1    4[COMMON] unsigned char 
 Auto vars:     Size  Location     Type
		None
 Return value:  Size  Location     Type
                  3    0[COMMON] float 
 Registers used:
		wreg, status,2, status,0
 Tracked objects:
		On entry : 
		On exit  : 
		Unchanged: 
 Data sizes:     COMMON   BANK0   BANK1   BANK3   BANK2
      Params:         5       0       0       0       0
      Locals:         0       0       0       0       0
      Temps:          3       0       0       0       0
      Totals:         8       0       0       0       0
Total ram usage:        8 bytes
 Hardware stack levels used:    1
 This function calls:
		Nothing
 This function is called by:
		___ftadd
		___ftmul
		___lltoft
		___lwtoft
 This function uses a non-reentrant model


 *************** function _USART_ReceiveChar *****************
 Defined at:
		line 78 in file "C:\Users\Dracarys\Downloads\Sistemas Embarcados\Trabalho_Final_Sistemas_embarcados_coletar_de_sensor_analogico_a_cada_1_segundo\Supervisorio_PIC para_sinais\Firmware no PIC16F877A\Supervisorio.c"
 Parameters:    Size  Location     Type
		None
 Auto vars:     Size  Location     Type
  USART_Data      1    4[COMMON] unsigned char 
 Return value:  Size  Location     Type
                  1    wreg      unsigned char 
 Registers used:
		wreg, fsr0l, fsr0h, status,2, status,0, btemp+1, pclath, cstack
 Tracked objects:
		On entry : 
		On exit  : 
		Unchanged: 
 Data sizes:     COMMON   BANK0   BANK1   BANK3   BANK2
      Params:         0       0       0       0       0
      Locals:         1       0       0       0       0
      Temps:          1       0       0       0       0
      Totals:         2       0       0       0       0
Total ram usage:        2 bytes
 Hardware stack levels used:    1
 Hardware stack levels required when called:    2
 This function calls:
		i1_USART_WriteString
 This function is called by:
		_ISR
 This function uses a non-reentrant model


 *************** function i1_USART_WriteString *****************
 Defined at:
		line 66 in file "C:\Users\Dracarys\Downloads\Sistemas Embarcados\Trabalho_Final_Sistemas_embarcados_coletar_de_sensor_analogico_a_cada_1_segundo\Supervisorio_PIC para_sinais\Firmware no PIC16F877A\Supervisorio.c"
 Parameters:    Size  Location     Type
  str             2    1[COMMON] PTR const unsigned char 
		 -> NULL(0), ftoa@buf(17), STR_6(17), STR_5(35), 
		 -> STR_4(32), STR_3(35), STR_2(32), buffer(9), 
		 -> STR_1(40), 
 Auto vars:     Size  Location     Type
		None
 Return value:  Size  Location     Type
		None               void
 Registers used:
		wreg, fsr0l, fsr0h, status,2, status,0, btemp+1, pclath, cstack
 Tracked objects:
		On entry : 
		On exit  : 
		Unchanged: 
 Data sizes:     COMMON   BANK0   BANK1   BANK3   BANK2
      Params:         2       0       0       0       0
      Locals:         0       0       0       0       0
      Temps:          0       0       0       0       0
      Totals:         2       0       0       0       0
Total ram usage:        2 bytes
 Hardware stack levels used:    1
 Hardware stack levels required when called:    1
 This function calls:
		i1_USART_WriteChar
 This function is called by:
		_USART_ReceiveChar
		_ISR
 This function uses a non-reentrant model


 *************** function i1_USART_WriteChar *****************
 Defined at:
		line 59 in file "C:\Users\Dracarys\Downloads\Sistemas Embarcados\Trabalho_Final_Sistemas_embarcados_coletar_de_sensor_analogico_a_cada_1_segundo\Supervisorio_PIC para_sinais\Firmware no PIC16F877A\Supervisorio.c"
 Parameters:    Size  Location     Type
  USARTData       1    wreg     unsigned char 
 Auto vars:     Size  Location     Type
  USARTData       1    0[COMMON] unsigned char 
 Return value:  Size  Location     Type
		None               void
 Registers used:
		wreg
 Tracked objects:
		On entry : 
		On exit  : 
		Unchanged: 
 Data sizes:     COMMON   BANK0   BANK1   BANK3   BANK2
      Params:         0       0       0       0       0
      Locals:         1       0       0       0       0
      Temps:          0       0       0       0       0
      Totals:         1       0       0       0       0
Total ram usage:        1 bytes
 Hardware stack levels used:    1
 This function calls:
		Nothing
 This function is called by:
		i1_USART_WriteString
 This function uses a non-reentrant model


 *************** function _ADC_Read *****************
 Defined at:
		line 119 in file "C:\Users\Dracarys\Downloads\Sistemas Embarcados\Trabalho_Final_Sistemas_embarcados_coletar_de_sensor_analogico_a_cada_1_segundo\Supervisorio_PIC para_sinais\Firmware no PIC16F877A\Supervisorio.c"
 Parameters:    Size  Location     Type
  channel         2    0[COMMON] unsigned short 
 Auto vars:     Size  Location     Type
		None
 Return value:  Size  Location     Type
		None               void
 Registers used:
		wreg, status,2, status,0
 Tracked objects:
		On entry : 
		On exit  : 
		Unchanged: 
 Data sizes:     COMMON   BANK0   BANK1   BANK3   BANK2
      Params:         2       0       0       0       0
      Locals:         0       0       0       0       0
      Temps:          1       0       0       0       0
      Totals:         3       0       0       0       0
Total ram usage:        3 bytes
 Hardware stack levels used:    1
 This function calls:
		Nothing
 This function is called by:
		_ISR
 This function uses a non-reentrant model



MODULE INFORMATION

Module		Function		Class		Link	Load	Size
C:\Program Files (x86)\Microchip\xc8\v1.33\sources\common\ftneg.c
		___ftneg       		CODE           	0C7A	0000	8

C:\Program Files (x86)\Microchip\xc8\v1.33\sources\common\ftneg.c estimated size: 8

C:\Program Files (x86)\Microchip\xc8\v1.33\sources\common\ftge.c
		___ftge        		CODE           	0E86	0000	93

C:\Program Files (x86)\Microchip\xc8\v1.33\sources\common\ftge.c estimated size: 93

C:\Program Files (x86)\Microchip\xc8\v1.33\sources\common\doprnt.c
		_sprintf       		CODE           	0028	0000	604

C:\Program Files (x86)\Microchip\xc8\v1.33\sources\common\doprnt.c estimated size: 604

C:\Program Files (x86)\Microchip\xc8\v1.33\sources\common\ftsub.c
		___ftsub       		CODE           	0CDD	0000	28

C:\Program Files (x86)\Microchip\xc8\v1.33\sources\common\ftsub.c estimated size: 28

C:\Program Files (x86)\Microchip\xc8\v1.33\sources\common\float.c
		___ftpack      		CODE           	078B	0000	104

C:\Program Files (x86)\Microchip\xc8\v1.33\sources\common\float.c estimated size: 104

C:\Program Files (x86)\Microchip\xc8\v1.33\sources\common\Umul16.c
		___wmul        		CODE           	0D1C	0000	35

C:\Program Files (x86)\Microchip\xc8\v1.33\sources\common\Umul16.c estimated size: 35

C:\Users\Dracarys\Downloads\Sistemas Embarcados\Trabalho_Final_Sistemas_embarcados_coletar_de_sensor_analogico_a_cada_1_segundo\Supervisorio_PIC para_sinais\Firmware no PIC16F877A\Supervisorio.c
		_USART_WriteCha		CODE           	07F3	0000	13
		_ISR           		CODE           	0504	0000	250
		_main          		CODE           	0E31	0000	85
		_USART_ReceiveC		CODE           	0CC2	0000	27
		_ADC_Read      		CODE           	0CAA	0000	24
		_USART_WriteStr		CODE           	0D6A	0000	49
		_ADC_Init      		CODE           	0C98	0000	18
		_USART_Init    		CODE           	0D9B	0000	72

C:\Users\Dracarys\Downloads\Sistemas Embarcados\Trabalho_Final_Sistemas_embarcados_coletar_de_sensor_analogico_a_cada_1_segundo\Supervisorio_PIC para_sinais\Firmware no PIC16F877A\Supervisorio.c estimated size: 538

C:\Program Files (x86)\Microchip\xc8\v1.33\sources\common\llmod.c
		___llmod       		CODE           	0DE3	0000	78

C:\Program Files (x86)\Microchip\xc8\v1.33\sources\common\llmod.c estimated size: 78

C:\Program Files (x86)\Microchip\xc8\v1.33\sources\common\ftmul.c
		___ftmul       		CODE           	05FE	0000	211

C:\Program Files (x86)\Microchip\xc8\v1.33\sources\common\ftmul.c estimated size: 211

C:\Program Files (x86)\Microchip\xc8\v1.33\sources\common\lldiv.c
		___lldiv       		CODE           	038B	0000	94

C:\Program Files (x86)\Microchip\xc8\v1.33\sources\common\lldiv.c estimated size: 94

shared
		__stringtab    		STRCODE        	0400	0000	18
		__stringdata   		STRCODE        	043A	0000	202
		_dpowers       		STRCODE        	0412	0000	40
		__initializatio		CODE           	0015	0000	15
		i1_USART_WriteS		CODE           	0CF9	0000	35
		i1_USART_WriteC		CODE           	0C72	0000	8

shared estimated size: 318

C:\Program Files (x86)\Microchip\xc8\v1.33\sources\common\aldiv.c
		___aldiv       		CODE           	0F71	0000	143

C:\Program Files (x86)\Microchip\xc8\v1.33\sources\common\aldiv.c estimated size: 143

C:\Program Files (x86)\Microchip\xc8\v1.33\sources\common\fttol.c
		___fttol       		CODE           	0EE3	0000	142

C:\Program Files (x86)\Microchip\xc8\v1.33\sources\common\fttol.c estimated size: 142

C:\Program Files (x86)\Microchip\xc8\v1.33\sources\common\ftadd.c
		___ftadd       		CODE           	0284	0000	263

C:\Program Files (x86)\Microchip\xc8\v1.33\sources\common\ftadd.c estimated size: 263

C:\Program Files (x86)\Microchip\xc8\v1.33\sources\common\ftoa.c
		_ftoa          		CODE           	06D1	0000	186

C:\Program Files (x86)\Microchip\xc8\v1.33\sources\common\ftoa.c estimated size: 186

C:\Program Files (x86)\Microchip\xc8\v1.33\sources\common\lwtoft.c
		___lwtoft      		CODE           	03E9	0000	20

C:\Program Files (x86)\Microchip\xc8\v1.33\sources\common\lwtoft.c estimated size: 20

C:\Program Files (x86)\Microchip\xc8\v1.33\sources\common\lltoft.c
		___lltoft      		CODE           	0D3F	0000	43

C:\Program Files (x86)\Microchip\xc8\v1.33\sources\common\lltoft.c estimated size: 43

C:\Program Files (x86)\Microchip\xc8\v1.33\sources\common\isdigit.c
		_isdigit       		CODE           	0C8A	0000	14

C:\Program Files (x86)\Microchip\xc8\v1.33\sources\common\isdigit.c estimated size: 14

